// Jest Snapshot v1, https://goo.gl/fbAQLP

exports[`renders correctly 1`] = `
<View>
  <Image
    background={false}
    onSize={[Function]}
    source={
      Object {
        "testUri": "../../../src/bg5.jpg",
      }
    }
    style={
      Array [
        undefined,
        Object {
          "height": NaN,
          "width": NaN,
        },
      ]
    }
    width={750}
  />
  <View
    style={
      Object {
        "bottom": 0,
        "justifyContent": "center",
        "left": 0,
        "paddingLeft": 20,
        "position": "absolute",
        "right": 0,
        "top": 0,
      }
    }
  >
    <Text
      accessible={true}
      allowFontScaling={true}
      ellipsizeMode="tail"
      style={
        Object {
          "color": "#fff",
          "fontSize": 20,
        }
      }
    >
      Rapid Software Development
    </Text>
    <Text
      accessible={true}
      allowFontScaling={true}
      ellipsizeMode="tail"
      r={true}
      style={
        Object {
          "color": "#fff",
        }
      }
    >
      Using agile practices and the modern tech stack to achieve business goals
    </Text>
  </View>
  <View
    style={
      Object {
        "alignItems": "center",
        "flex": 1,
        "justifyContent": "center",
      }
    }
  >
    <Image
      background={false}
      onSize={[Function]}
      source={
        Object {
          "testUri": "../../../src/logo4.png",
        }
      }
      style={
        Array [
          Object {
            "justifyContent": "center",
          },
          Object {
            "height": NaN,
            "width": NaN,
          },
        ]
      }
    />
  </View>
  <View
    style={
      Object {
        "flex": 1,
        "flexDirection": "row",
        "justifyContent": "center",
      }
    }
  >
    <View
      style={
        Object {
          "borderBottomColor": "black",
          "borderBottomWidth": 1,
          "height": "50%",
          "width": "30%",
        }
      }
    />
    <View
      style={
        Object {
          "width": 24,
        }
      }
    >
      <View
        onPress={undefined}
        style={
          Array [
            false,
            false,
            false,
            Object {
              "alignItems": "center",
              "backgroundColor": "transparent",
              "justifyContent": "center",
            },
            undefined,
          ]
        }
        underlayColor="white"
      >
        <Text
          accessible={true}
          allowFontScaling={false}
          ellipsizeMode="tail"
          style={
            Array [
              Object {
                "color": "black",
                "fontSize": 24,
              },
              Array [
                Object {
                  "backgroundColor": "transparent",
                },
                undefined,
              ],
              Object {
                "fontFamily": "Material Icons",
                "fontStyle": "normal",
                "fontWeight": "normal",
              },
              Object {},
            ]
          }
        >
          
        </Text>
      </View>
    </View>
    <View
      style={
        Object {
          "borderBottomColor": "black",
          "borderBottomWidth": 1,
          "height": "50%",
          "width": "30%",
        }
      }
    />
  </View>
  <Text
    accessible={true}
    allowFontScaling={true}
    ellipsizeMode="tail"
    style={
      Object {
        "padding": 20,
      }
    }
  >
    We are a software consulting firm that specializes in full-cycle web application development. We service startups and small local businesses that are focused on technology. We utilize modern best development practices and provide our clients with cost-effective and performant tools.
  </Text>
  <View
    style={
      Object {
        "flex": 1,
        "flexDirection": "column",
      }
    }
  >
    <Text
      accessible={true}
      allowFontScaling={true}
      ellipsizeMode="tail"
      style={
        Object {
          "fontSize": 20,
          "textAlign": "center",
        }
      }
    >
      Services
    </Text>
    <View
      style={
        Object {
          "flex": 1,
          "flexDirection": "row",
          "justifyContent": "center",
        }
      }
    >
      <View
        style={
          Object {
            "borderBottomColor": "green",
            "borderBottomWidth": 6,
            "height": "60%",
            "width": "10%",
          }
        }
      />
      <View
        style={
          Object {
            "width": 24,
          }
        }
      >
        <View
          onPress={undefined}
          style={
            Array [
              false,
              false,
              false,
              Object {
                "alignItems": "center",
                "backgroundColor": "transparent",
                "justifyContent": "center",
              },
              undefined,
            ]
          }
          underlayColor="white"
        >
          <Text
            accessible={true}
            allowFontScaling={false}
            ellipsizeMode="tail"
            style={
              Array [
                Object {
                  "color": "green",
                  "fontSize": 24,
                },
                Array [
                  Object {
                    "backgroundColor": "transparent",
                  },
                  undefined,
                ],
                Object {
                  "fontFamily": "Material Icons",
                  "fontStyle": "normal",
                  "fontWeight": "normal",
                },
                Object {},
              ]
            }
          >
            
          </Text>
        </View>
      </View>
      <View
        style={
          Object {
            "borderBottomColor": "green",
            "borderBottomWidth": 6,
            "height": "60%",
            "width": "10%",
          }
        }
      />
    </View>
  </View>
  <Text
    accessible={true}
    allowFontScaling={true}
    ellipsizeMode="tail"
    style={
      Object {
        "padding": 20,
      }
    }
  >
    We offer two parallel services to our clients. We provide technical solutions to high-tech startups and mid-sized companies. We offer complete software solutions, support of existing solutions, data migrations, feature implementation, iterative development, and training.  
  </Text>
  <Text
    accessible={true}
    allowFontScaling={true}
    ellipsizeMode="tail"
    style={
      Object {
        "padding": 20,
      }
    }
  >
    In this parallel, we perform business analysis, find critical issues & discovery across all areas of business (core value proposition, operations, sales, marketing, and finance) to propose quick wins and elimination of bottlenecks - how a manageable amount of effort can make the most impact on the business's bottom line. Additionally, we provide recommendations on sorporate culture, processes, and tools. High-impact business consulting to startups and companies in emerging markets.  
  </Text>
  <View
    style={
      Object {
        "flex": 1,
        "flexDirection": "column",
      }
    }
  >
    <Text
      accessible={true}
      allowFontScaling={true}
      ellipsizeMode="tail"
      style={
        Object {
          "fontSize": 20,
          "textAlign": "center",
        }
      }
    >
      Software Development
    </Text>
    <View
      style={
        Object {
          "flex": 1,
          "flexDirection": "row",
          "justifyContent": "center",
        }
      }
    >
      <View
        style={
          Object {
            "borderBottomColor": "green",
            "borderBottomWidth": 6,
            "height": "60%",
            "width": "10%",
          }
        }
      />
      <View
        style={
          Object {
            "width": 24,
          }
        }
      >
        <View
          onPress={undefined}
          style={
            Array [
              false,
              false,
              false,
              Object {
                "alignItems": "center",
                "backgroundColor": "transparent",
                "justifyContent": "center",
              },
              undefined,
            ]
          }
          underlayColor="white"
        >
          <Text
            accessible={true}
            allowFontScaling={false}
            ellipsizeMode="tail"
            style={
              Array [
                Object {
                  "color": "green",
                  "fontSize": 24,
                },
                Array [
                  Object {
                    "backgroundColor": "transparent",
                  },
                  undefined,
                ],
                Object {
                  "fontFamily": "Material Icons",
                  "fontStyle": "normal",
                  "fontWeight": "normal",
                },
                Object {},
              ]
            }
          >
            
          </Text>
        </View>
      </View>
      <View
        style={
          Object {
            "borderBottomColor": "green",
            "borderBottomWidth": 6,
            "height": "60%",
            "width": "10%",
          }
        }
      />
    </View>
  </View>
  <Text
    accessible={true}
    allowFontScaling={true}
    ellipsizeMode="tail"
    style={
      Object {
        "padding": 20,
      }
    }
  >
    We do web application development, integration with external services, deployments, automation, wireframing and prototyping, as well as monitoring and scaling of existing applications. We will also go refactoring/rewriting of an existing application and migrating it from old codebase to nice and shiny new paradigm.
  </Text>
  <View
    style={
      Object {
        "flex": 1,
        "flexDirection": "column",
      }
    }
  >
    <Text
      accessible={true}
      allowFontScaling={true}
      ellipsizeMode="tail"
      style={
        Object {
          "fontSize": 20,
          "textAlign": "center",
        }
      }
    >
      Our Process
    </Text>
    <View
      style={
        Object {
          "flex": 1,
          "flexDirection": "row",
          "justifyContent": "center",
        }
      }
    >
      <View
        style={
          Object {
            "borderBottomColor": "green",
            "borderBottomWidth": 6,
            "height": "60%",
            "width": "10%",
          }
        }
      />
      <View
        style={
          Object {
            "width": 24,
          }
        }
      >
        <View
          onPress={undefined}
          style={
            Array [
              false,
              false,
              false,
              Object {
                "alignItems": "center",
                "backgroundColor": "transparent",
                "justifyContent": "center",
              },
              undefined,
            ]
          }
          underlayColor="white"
        >
          <Text
            accessible={true}
            allowFontScaling={false}
            ellipsizeMode="tail"
            style={
              Array [
                Object {
                  "color": "green",
                  "fontSize": 24,
                },
                Array [
                  Object {
                    "backgroundColor": "transparent",
                  },
                  undefined,
                ],
                Object {
                  "fontFamily": "Material Icons",
                  "fontStyle": "normal",
                  "fontWeight": "normal",
                },
                Object {},
              ]
            }
          >
            
          </Text>
        </View>
      </View>
      <View
        style={
          Object {
            "borderBottomColor": "green",
            "borderBottomWidth": 6,
            "height": "60%",
            "width": "10%",
          }
        }
      />
    </View>
  </View>
  <Text
    accessible={true}
    allowFontScaling={true}
    ellipsizeMode="tail"
    style={
      Object {
        "padding": 20,
      }
    }
  >
    We work in iterative cycles. The methodology we use is sprint and kanban. Our preferred sprint length is the industry-standard 2 weeks. Kanban refers to keeping tracks of small, accomplishable tasks by means of cards, and moving the cards through lanes. Our typical lanes are "todo", "doing" and "done", although this varies as the complexity grows.
  </Text>
  <View>
    <Text
      accessible={true}
      allowFontScaling={true}
      ellipsizeMode="tail"
    >
      Finally, the footer!
    </Text>
  </View>
</View>
`;
